// Jest Snapshot v1, https://goo.gl/fbAQLP

exports[`Menu Card should render without crashing 1`] = `ShallowWrapper {}`;
